Component: ARM Compiler 5.06 update 1 (build 61) Tool: armlink [4d35a8]

==============================================================================

Section Cross References

    startup_armcm0.o(RESET) refers to startup_armcm0.o(.text) for Reset_Handler
    startup_armcm0.o(RESET) refers to ch57x_int.o(i.NMI_Handler) for NMI_Handler
    startup_armcm0.o(.text) refers to ch57x_clk.o(i.SystemInit) for SystemInit
    startup_armcm0.o(.text) refers to entry.o(.ARM.Collect$$$$00000000) for __main
    ch57x_adc.o(i.ADC_GetCurrentTS) refers to idiv.o(.text) for __aeabi_idivmod
    ch57x_clk.o(i.Calibration_LSI) refers to uidiv.o(.text) for __aeabi_uidivmod
    ch57x_clk.o(i.Calibration_LSI) refers to idiv.o(.text) for __aeabi_idivmod
    ch57x_clk.o(i.GetSysClock) refers to idiv.o(.text) for __aeabi_idivmod
    ch57x_clk.o(i.RTC_GetTime) refers to uidiv.o(.text) for __aeabi_uidivmod
    ch57x_clk.o(i.RTC_InitTime) refers to uidiv.o(.text) for __aeabi_uidivmod
    ch57x_clk.o(i.RTC_TRIGFunCfg) refers to ch57x_clk.o(i.RTC_GetCycle32k) for RTC_GetCycle32k
    ch57x_clk.o(i.SetSysClock) refers to ch57x_clk.o(i.__ARM_common_switch8) for __ARM_common_switch8
    ch57x_clk.o(i.SystemInit) refers to ch57x_sys.o(i.mDelayuS) for mDelayuS
    ch57x_clk.o(i.SystemInit) refers to ch57x_pwr.o(i.PowerMonitor) for PowerMonitor
    ch57x_flash.o(i.FlashBlockErase) refers to ch57x_pwr.o(i.PowerMonitor) for PowerMonitor
    ch57x_flash.o(i.FlashBlockErase) refers to ch57x_flash.o(.data) for codeflash_access_flag1
    ch57x_flash.o(i.FlashWriteBuf) refers to ch57x_pwr.o(i.PowerMonitor) for PowerMonitor
    ch57x_flash.o(i.FlashWriteBuf) refers to ch57x_flash.o(.data) for codeflash_access_flag1
    ch57x_flash.o(i.FlashWriteDW) refers to ch57x_pwr.o(i.PowerMonitor) for PowerMonitor
    ch57x_flash.o(i.FlashWriteDW) refers to ch57x_flash.o(.data) for codeflash_access_flag1
    ch57x_gpio.o(i.GPIOA_ModeCfg) refers to ch57x_clk.o(i.__ARM_common_switch8) for __ARM_common_switch8
    ch57x_gpio.o(i.GPIOB_ModeCfg) refers to ch57x_clk.o(i.__ARM_common_switch8) for __ARM_common_switch8
    ch57x_int.o(i.LowPower_Halt_1) refers to ch57x_pwr.o(i.PowerMonitor) for PowerMonitor
    ch57x_pwm.o(i.PWMX_CycleCfg) refers to ch57x_clk.o(i.__ARM_common_switch8) for __ARM_common_switch8
    ch57x_pwr.o(i.PWR_DCDCCfg) refers to ch57x_sys.o(i.mDelayuS) for mDelayuS
    ch57x_pwr.o(i.PowerMonitor) refers to ch57x_sys.o(i.mDelayuS) for mDelayuS
    ch57x_sys.o(i.mDelaymS) refers to ch57x_sys.o(i.mDelayuS) for mDelayuS
    ch57x_uart0.o(i.UART0_BaudRateCfg) refers to ch57x_clk.o(i.GetSysClock) for GetSysClock
    ch57x_uart0.o(i.UART0_BaudRateCfg) refers to uidiv.o(.text) for __aeabi_uidivmod
    ch57x_uart0.o(i.UART0_DefInit) refers to ch57x_uart0.o(i.UART0_BaudRateCfg) for UART0_BaudRateCfg
    ch57x_uart1.o(i.UART1_BaudRateCfg) refers to ch57x_clk.o(i.GetSysClock) for GetSysClock
    ch57x_uart1.o(i.UART1_BaudRateCfg) refers to uidiv.o(.text) for __aeabi_uidivmod
    ch57x_uart1.o(i.UART1_DefInit) refers to ch57x_uart1.o(i.UART1_BaudRateCfg) for UART1_BaudRateCfg
    ch57x_uart2.o(i.UART2_BaudRateCfg) refers to ch57x_clk.o(i.GetSysClock) for GetSysClock
    ch57x_uart2.o(i.UART2_BaudRateCfg) refers to uidiv.o(.text) for __aeabi_uidivmod
    ch57x_uart2.o(i.UART2_DefInit) refers to ch57x_uart2.o(i.UART2_BaudRateCfg) for UART2_BaudRateCfg
    ch57x_uart3.o(i.UART3_BaudRateCfg) refers to ch57x_clk.o(i.GetSysClock) for GetSysClock
    ch57x_uart3.o(i.UART3_BaudRateCfg) refers to uidiv.o(.text) for __aeabi_uidivmod
    ch57x_uart3.o(i.UART3_DefInit) refers to ch57x_uart3.o(i.UART3_BaudRateCfg) for UART3_BaudRateCfg
    ch57x_usbdev.o(i.USB_DeviceInit) refers to ch57x_usbdev.o(.data) for pEP0_RAM_Addr
    entry.o(.ARM.Collect$$$$00000000) refers (Special) to entry10a.o(.ARM.Collect$$$$0000000D) for __rt_final_cpp
    entry.o(.ARM.Collect$$$$00000000) refers (Special) to entry11a.o(.ARM.Collect$$$$0000000F) for __rt_final_exit
    entry.o(.ARM.Collect$$$$00000000) refers (Special) to entry7b.o(.ARM.Collect$$$$00000008) for _main_clock
    entry.o(.ARM.Collect$$$$00000000) refers (Special) to entry8b.o(.ARM.Collect$$$$0000000A) for _main_cpp_init
    entry.o(.ARM.Collect$$$$00000000) refers (Special) to entry9a.o(.ARM.Collect$$$$0000000B) for _main_init
    entry.o(.ARM.Collect$$$$00000000) refers (Special) to entry5.o(.ARM.Collect$$$$00000004) for _main_scatterload
    entry.o(.ARM.Collect$$$$00000000) refers (Special) to entry2.o(.ARM.Collect$$$$00000001) for _main_stk
    idiv.o(.text) refers to uidiv.o(.text) for __aeabi_uidivmod
    entry2.o(.ARM.Collect$$$$00000001) refers to entry2.o(.ARM.Collect$$$$00002712) for __lit__00000000
    entry2.o(__vectab_stack_and_reset_area) refers to entry.o(.ARM.Collect$$$$00000000) for __main
    entry5.o(.ARM.Collect$$$$00000004) refers to init.o(.text) for __scatterload
    entry9a.o(.ARM.Collect$$$$0000000B) refers to main.o(i.main) for main
    entry9b.o(.ARM.Collect$$$$0000000C) refers to main.o(i.main) for main
    init.o(.text) refers to entry5.o(.ARM.Collect$$$$00000004) for __main_after_scatterload


==============================================================================

Removing Unused input sections from the image.

    Removing startup_armcm0.o(STACK), (1024 bytes).
    Removing startup_armcm0.o(HEAP), (1024 bytes).
    Removing ch57x_adc.o(.rev16_text), (4 bytes).
    Removing ch57x_adc.o(.revsh_text), (4 bytes).
    Removing ch57x_adc.o(i.ADC_DataCalib_Fine), (140 bytes).
    Removing ch57x_adc.o(i.ADC_DataCalib_Rough), (132 bytes).
    Removing ch57x_adc.o(i.ADC_ExcutSingleConver), (36 bytes).
    Removing ch57x_adc.o(i.ADC_ExtDiffChSampInit), (20 bytes).
    Removing ch57x_adc.o(i.ADC_ExtSingleChSampInit), (20 bytes).
    Removing ch57x_adc.o(i.ADC_GetCurrentTS), (152 bytes).
    Removing ch57x_adc.o(i.ADC_InterBATSampInit), (16 bytes).
    Removing ch57x_adc.o(i.ADC_InterTSSampInit), (28 bytes).
    Removing ch57x_adc.o(i.TouchKey_ChSampInit), (16 bytes).
    Removing ch57x_adc.o(i.TouchKey_ExcutSingleConver), (40 bytes).
    Removing ch57x_clk.o(.rev16_text), (4 bytes).
    Removing ch57x_clk.o(.revsh_text), (4 bytes).
    Removing ch57x_clk.o(i.Calibration_LSI), (480 bytes).
    Removing ch57x_clk.o(i.GetSysClock), (80 bytes).
    Removing ch57x_clk.o(i.HClk32M_Select), (64 bytes).
    Removing ch57x_clk.o(i.HSECFG_Capacitance), (40 bytes).
    Removing ch57x_clk.o(i.HSECFG_Current), (40 bytes).
    Removing ch57x_clk.o(i.LClk32K_Select), (60 bytes).
    Removing ch57x_clk.o(i.LSECFG_Capacitance), (40 bytes).
    Removing ch57x_clk.o(i.LSECFG_Current), (44 bytes).
    Removing ch57x_clk.o(i.RTC_ClearITFlag), (36 bytes).
    Removing ch57x_clk.o(i.RTC_GetCycle32k), (20 bytes).
    Removing ch57x_clk.o(i.RTC_GetITFlag), (32 bytes).
    Removing ch57x_clk.o(i.RTC_GetTime), (120 bytes).
    Removing ch57x_clk.o(i.RTC_InitTime), (148 bytes).
    Removing ch57x_clk.o(i.RTC_ModeFunDisable), (56 bytes).
    Removing ch57x_clk.o(i.RTC_SetCycle32k), (44 bytes).
    Removing ch57x_clk.o(i.RTC_TMRFunCfg), (56 bytes).
    Removing ch57x_clk.o(i.RTC_TRIGFunCfg), (80 bytes).
    Removing ch57x_clk.o(i.SetSysClock), (352 bytes).
    Removing ch57x_flash.o(.rev16_text), (4 bytes).
    Removing ch57x_flash.o(.revsh_text), (4 bytes).
    Removing ch57x_flash.o(i.FlashBlockErase), (324 bytes).
    Removing ch57x_flash.o(i.FlashWriteBuf), (380 bytes).
    Removing ch57x_flash.o(i.FlashWriteDW), (340 bytes).
    Removing ch57x_flash.o(i.GetMACAddress), (28 bytes).
    Removing ch57x_flash.o(i.GetUniqueID), (28 bytes).
    Removing ch57x_flash.o(.data), (2 bytes).
    Removing ch57x_gpio.o(.rev16_text), (4 bytes).
    Removing ch57x_gpio.o(.revsh_text), (4 bytes).
    Removing ch57x_gpio.o(i.GPIOAGPPCfg), (32 bytes).
    Removing ch57x_gpio.o(i.GPIOA_ITModeCfg), (120 bytes).
    Removing ch57x_gpio.o(i.GPIOA_ModeCfg), (152 bytes).
    Removing ch57x_gpio.o(i.GPIOB_ITModeCfg), (144 bytes).
    Removing ch57x_gpio.o(i.GPIOB_ModeCfg), (152 bytes).
    Removing ch57x_gpio.o(i.GPIOPinRemap), (32 bytes).
    Removing ch57x_int.o(.rev16_text), (4 bytes).
    Removing ch57x_int.o(.revsh_text), (4 bytes).
    Removing ch57x_int.o(i.LowPower_Halt_1), (140 bytes).
    Removing ch57x_int.o(i.LowPower_Halt_2), (184 bytes).
    Removing ch57x_int.o(i.LowPower_Shutdown), (196 bytes).
    Removing ch57x_int.o(i.LowPower_Sleep), (196 bytes).
    Removing ch57x_lcd.o(.rev16_text), (4 bytes).
    Removing ch57x_lcd.o(.revsh_text), (4 bytes).
    Removing ch57x_lcd.o(i.LCD_DefInit), (12 bytes).
    Removing ch57x_pwm.o(.rev16_text), (4 bytes).
    Removing ch57x_pwm.o(.revsh_text), (4 bytes).
    Removing ch57x_pwm.o(i.PWMX_ACTOUT), (92 bytes).
    Removing ch57x_pwm.o(i.PWMX_AlterOutCfg), (32 bytes).
    Removing ch57x_pwm.o(i.PWMX_CycleCfg), (156 bytes).
    Removing ch57x_pwr.o(.rev16_text), (4 bytes).
    Removing ch57x_pwr.o(.revsh_text), (4 bytes).
    Removing ch57x_pwr.o(i.EnterCodeUpgrade), (156 bytes).
    Removing ch57x_pwr.o(i.LowPower_Idle), (20 bytes).
    Removing ch57x_pwr.o(i.PWR_DCDCCfg), (116 bytes).
    Removing ch57x_pwr.o(i.PWR_PeriphClkCfg), (68 bytes).
    Removing ch57x_pwr.o(i.PWR_PeriphWakeUpCfg), (68 bytes).
    Removing ch57x_pwr.o(i.PWR_UnitModCfg), (160 bytes).
    Removing ch57x_spi0.o(.rev16_text), (4 bytes).
    Removing ch57x_spi0.o(.revsh_text), (4 bytes).
    Removing ch57x_spi0.o(i.SPI0_CLKCfg), (40 bytes).
    Removing ch57x_spi0.o(i.SPI0_DataMode), (132 bytes).
    Removing ch57x_spi0.o(i.SPI0_MasterDMARecv), (72 bytes).
    Removing ch57x_spi0.o(i.SPI0_MasterDMATrans), (72 bytes).
    Removing ch57x_spi0.o(i.SPI0_MasterDefInit), (44 bytes).
    Removing ch57x_spi0.o(i.SPI0_MasterRecv), (56 bytes).
    Removing ch57x_spi0.o(i.SPI0_MasterRecvByte), (40 bytes).
    Removing ch57x_spi0.o(i.SPI0_MasterSendByte), (36 bytes).
    Removing ch57x_spi0.o(i.SPI0_MasterTrans), (68 bytes).
    Removing ch57x_spi0.o(i.SPI0_SlaveDMARecv), (72 bytes).
    Removing ch57x_spi0.o(i.SPI0_SlaveDMATrans), (72 bytes).
    Removing ch57x_spi0.o(i.SPI0_SlaveInit), (28 bytes).
    Removing ch57x_spi0.o(i.SPI0_SlaveRecv), (52 bytes).
    Removing ch57x_spi0.o(i.SPI0_SlaveRecvByte), (32 bytes).
    Removing ch57x_spi0.o(i.SPI0_SlaveSendByte), (32 bytes).
    Removing ch57x_spi0.o(i.SPI0_SlaveTrans), (64 bytes).
    Removing ch57x_spi1.o(.rev16_text), (4 bytes).
    Removing ch57x_spi1.o(.revsh_text), (4 bytes).
    Removing ch57x_spi1.o(i.SPI1_CLKCfg), (40 bytes).
    Removing ch57x_spi1.o(i.SPI1_DataMode), (132 bytes).
    Removing ch57x_spi1.o(i.SPI1_MasterDefInit), (44 bytes).
    Removing ch57x_spi1.o(i.SPI1_MasterRecv), (56 bytes).
    Removing ch57x_spi1.o(i.SPI1_MasterRecvByte), (40 bytes).
    Removing ch57x_spi1.o(i.SPI1_MasterSendByte), (36 bytes).
    Removing ch57x_spi1.o(i.SPI1_MasterTrans), (68 bytes).
    Removing ch57x_sys.o(.rev16_text), (4 bytes).
    Removing ch57x_sys.o(.revsh_text), (4 bytes).
    Removing ch57x_sys.o(i.SYS_DisableAllIrq), (24 bytes).
    Removing ch57x_sys.o(i.SYS_GetInfoSta), (32 bytes).
    Removing ch57x_sys.o(i.SYS_GetSysTickCnt), (12 bytes).
    Removing ch57x_sys.o(i.SYS_RecoverIrq), (12 bytes).
    Removing ch57x_sys.o(i.SYS_ResetExecute), (32 bytes).
    Removing ch57x_sys.o(i.WWDG_ClearFlag), (32 bytes).
    Removing ch57x_sys.o(i.WWDG_ITCfg), (52 bytes).
    Removing ch57x_sys.o(i.WWDG_ResetCfg), (52 bytes).
    Removing ch57x_sys.o(i.fputc), (20 bytes).
    Removing ch57x_sys.o(i.mDelaymS), (26 bytes).
    Removing ch57x_timer0.o(.rev16_text), (4 bytes).
    Removing ch57x_timer0.o(.revsh_text), (4 bytes).
    Removing ch57x_timer0.o(i.TMR0_CapInit), (24 bytes).
    Removing ch57x_timer0.o(i.TMR0_EXTSingleCounterInit), (20 bytes).
    Removing ch57x_timer0.o(i.TMR0_PWMInit), (20 bytes).
    Removing ch57x_timer0.o(i.TMR0_TimerInit), (20 bytes).
    Removing ch57x_timer1.o(.rev16_text), (4 bytes).
    Removing ch57x_timer1.o(.revsh_text), (4 bytes).
    Removing ch57x_timer1.o(i.TMR1_CapInit), (24 bytes).
    Removing ch57x_timer1.o(i.TMR1_DMACfg), (44 bytes).
    Removing ch57x_timer1.o(i.TMR1_EXTSingleCounterInit), (20 bytes).
    Removing ch57x_timer1.o(i.TMR1_PWMInit), (20 bytes).
    Removing ch57x_timer1.o(i.TMR1_TimerInit), (20 bytes).
    Removing ch57x_timer2.o(.rev16_text), (4 bytes).
    Removing ch57x_timer2.o(.revsh_text), (4 bytes).
    Removing ch57x_timer2.o(i.TMR2_CapInit), (24 bytes).
    Removing ch57x_timer2.o(i.TMR2_DMACfg), (44 bytes).
    Removing ch57x_timer2.o(i.TMR2_EXTSingleCounterInit), (20 bytes).
    Removing ch57x_timer2.o(i.TMR2_PWMInit), (20 bytes).
    Removing ch57x_timer2.o(i.TMR2_TimerInit), (20 bytes).
    Removing ch57x_timer3.o(.rev16_text), (4 bytes).
    Removing ch57x_timer3.o(.revsh_text), (4 bytes).
    Removing ch57x_timer3.o(i.TMR3_CapInit), (24 bytes).
    Removing ch57x_timer3.o(i.TMR3_EXTSingleCounterInit), (20 bytes).
    Removing ch57x_timer3.o(i.TMR3_PWMInit), (20 bytes).
    Removing ch57x_timer3.o(i.TMR3_TimerInit), (20 bytes).
    Removing ch57x_uart0.o(.rev16_text), (4 bytes).
    Removing ch57x_uart0.o(.revsh_text), (4 bytes).
    Removing ch57x_uart0.o(i.UART0_BaudRateCfg), (44 bytes).
    Removing ch57x_uart0.o(i.UART0_ByteTrigCfg), (24 bytes).
    Removing ch57x_uart0.o(i.UART0_DefInit), (36 bytes).
    Removing ch57x_uart0.o(i.UART0_INTCfg), (44 bytes).
    Removing ch57x_uart0.o(i.UART0_RecvString), (32 bytes).
    Removing ch57x_uart0.o(i.UART0_Reset), (12 bytes).
    Removing ch57x_uart0.o(i.UART0_SendString), (36 bytes).
    Removing ch57x_uart1.o(.rev16_text), (4 bytes).
    Removing ch57x_uart1.o(.revsh_text), (4 bytes).
    Removing ch57x_uart1.o(i.UART1_BaudRateCfg), (44 bytes).
    Removing ch57x_uart1.o(i.UART1_ByteTrigCfg), (24 bytes).
    Removing ch57x_uart1.o(i.UART1_DefInit), (36 bytes).
    Removing ch57x_uart1.o(i.UART1_INTCfg), (44 bytes).
    Removing ch57x_uart1.o(i.UART1_RecvString), (32 bytes).
    Removing ch57x_uart1.o(i.UART1_Reset), (12 bytes).
    Removing ch57x_uart1.o(i.UART1_SendString), (36 bytes).
    Removing ch57x_uart2.o(.rev16_text), (4 bytes).
    Removing ch57x_uart2.o(.revsh_text), (4 bytes).
    Removing ch57x_uart2.o(i.UART2_BaudRateCfg), (44 bytes).
    Removing ch57x_uart2.o(i.UART2_ByteTrigCfg), (24 bytes).
    Removing ch57x_uart2.o(i.UART2_DefInit), (36 bytes).
    Removing ch57x_uart2.o(i.UART2_INTCfg), (44 bytes).
    Removing ch57x_uart2.o(i.UART2_RecvString), (32 bytes).
    Removing ch57x_uart2.o(i.UART2_Reset), (12 bytes).
    Removing ch57x_uart2.o(i.UART2_SendString), (36 bytes).
    Removing ch57x_uart3.o(.rev16_text), (4 bytes).
    Removing ch57x_uart3.o(.revsh_text), (4 bytes).
    Removing ch57x_uart3.o(i.UART3_BaudRateCfg), (44 bytes).
    Removing ch57x_uart3.o(i.UART3_ByteTrigCfg), (24 bytes).
    Removing ch57x_uart3.o(i.UART3_DefInit), (36 bytes).
    Removing ch57x_uart3.o(i.UART3_INTCfg), (44 bytes).
    Removing ch57x_uart3.o(i.UART3_RecvString), (32 bytes).
    Removing ch57x_uart3.o(i.UART3_Reset), (12 bytes).
    Removing ch57x_uart3.o(i.UART3_SendString), (36 bytes).
    Removing ch57x_usbdev.o(.rev16_text), (4 bytes).
    Removing ch57x_usbdev.o(.revsh_text), (4 bytes).
    Removing ch57x_usbdev.o(i.DevEP1_IN_Deal), (20 bytes).
    Removing ch57x_usbdev.o(i.DevEP2_IN_Deal), (20 bytes).
    Removing ch57x_usbdev.o(i.DevEP3_IN_Deal), (20 bytes).
    Removing ch57x_usbdev.o(i.DevEP4_IN_Deal), (20 bytes).
    Removing ch57x_usbdev.o(i.USB_DeviceInit), (120 bytes).
    Removing ch57x_usbdev.o(.data), (16 bytes).
    Removing ch57x_clk.o(i.__ARM_common_switch8), (28 bytes).

182 unused section(s) (total 11132 bytes) removed from the image.

==============================================================================

Image Symbol Table

    Local Symbols

    Symbol Name                              Value     Ov Type        Size  Object(Section)

    RESET                                    0x00000000   Section      144  startup_armcm0.o(RESET)
    ../clib/microlib/division.c              0x00000000   Number         0  uidiv.o ABSOLUTE
    ../clib/microlib/division.c              0x00000000   Number         0  idiv.o ABSOLUTE
    ../clib/microlib/init/entry.s            0x00000000   Number         0  entry5.o ABSOLUTE
    ../clib/microlib/init/entry.s            0x00000000   Number         0  entry8a.o ABSOLUTE
    ../clib/microlib/init/entry.s            0x00000000   Number         0  entry7b.o ABSOLUTE
    ../clib/microlib/init/entry.s            0x00000000   Number         0  entry11b.o ABSOLUTE
    ../clib/microlib/init/entry.s            0x00000000   Number         0  entry2.o ABSOLUTE
    ../clib/microlib/init/entry.s            0x00000000   Number         0  entry7a.o ABSOLUTE
    ../clib/microlib/init/entry.s            0x00000000   Number         0  entry8b.o ABSOLUTE
    ../clib/microlib/init/entry.s            0x00000000   Number         0  entry.o ABSOLUTE
    ../clib/microlib/init/entry.s            0x00000000   Number         0  entry11a.o ABSOLUTE
    ../clib/microlib/init/entry.s            0x00000000   Number         0  entry10b.o ABSOLUTE
    ../clib/microlib/init/entry.s            0x00000000   Number         0  entry10a.o ABSOLUTE
    ../clib/microlib/init/entry.s            0x00000000   Number         0  entry9b.o ABSOLUTE
    ../clib/microlib/init/entry.s            0x00000000   Number         0  entry9a.o ABSOLUTE
    Startup\startup_ARMCM0.s                 0x00000000   Number         0  startup_armcm0.o ABSOLUTE
    StdPeriphDriver\CH57x_adc.c              0x00000000   Number         0  ch57x_adc.o ABSOLUTE
    StdPeriphDriver\CH57x_clk.c              0x00000000   Number         0  ch57x_clk.o ABSOLUTE
    StdPeriphDriver\CH57x_flash.c            0x00000000   Number         0  ch57x_flash.o ABSOLUTE
    StdPeriphDriver\CH57x_gpio.c             0x00000000   Number         0  ch57x_gpio.o ABSOLUTE
    StdPeriphDriver\CH57x_int.c              0x00000000   Number         0  ch57x_int.o ABSOLUTE
    StdPeriphDriver\CH57x_lcd.c              0x00000000   Number         0  ch57x_lcd.o ABSOLUTE
    StdPeriphDriver\CH57x_pwm.c              0x00000000   Number         0  ch57x_pwm.o ABSOLUTE
    StdPeriphDriver\CH57x_pwr.c              0x00000000   Number         0  ch57x_pwr.o ABSOLUTE
    StdPeriphDriver\CH57x_spi0.c             0x00000000   Number         0  ch57x_spi0.o ABSOLUTE
    StdPeriphDriver\CH57x_spi1.c             0x00000000   Number         0  ch57x_spi1.o ABSOLUTE
    StdPeriphDriver\CH57x_sys.c              0x00000000   Number         0  ch57x_sys.o ABSOLUTE
    StdPeriphDriver\CH57x_timer0.c           0x00000000   Number         0  ch57x_timer0.o ABSOLUTE
    StdPeriphDriver\CH57x_timer1.c           0x00000000   Number         0  ch57x_timer1.o ABSOLUTE
    StdPeriphDriver\CH57x_timer2.c           0x00000000   Number         0  ch57x_timer2.o ABSOLUTE
    StdPeriphDriver\CH57x_timer3.c           0x00000000   Number         0  ch57x_timer3.o ABSOLUTE
    StdPeriphDriver\CH57x_uart0.c            0x00000000   Number         0  ch57x_uart0.o ABSOLUTE
    StdPeriphDriver\CH57x_uart1.c            0x00000000   Number         0  ch57x_uart1.o ABSOLUTE
    StdPeriphDriver\CH57x_uart2.c            0x00000000   Number         0  ch57x_uart2.o ABSOLUTE
    StdPeriphDriver\CH57x_uart3.c            0x00000000   Number         0  ch57x_uart3.o ABSOLUTE
    StdPeriphDriver\CH57x_usbdev.c           0x00000000   Number         0  ch57x_usbdev.o ABSOLUTE
    StdPeriphDriver\\CH57x_adc.c             0x00000000   Number         0  ch57x_adc.o ABSOLUTE
    StdPeriphDriver\\CH57x_clk.c             0x00000000   Number         0  ch57x_clk.o ABSOLUTE
    StdPeriphDriver\\CH57x_flash.c           0x00000000   Number         0  ch57x_flash.o ABSOLUTE
    StdPeriphDriver\\CH57x_gpio.c            0x00000000   Number         0  ch57x_gpio.o ABSOLUTE
    StdPeriphDriver\\CH57x_int.c             0x00000000   Number         0  ch57x_int.o ABSOLUTE
    StdPeriphDriver\\CH57x_lcd.c             0x00000000   Number         0  ch57x_lcd.o ABSOLUTE
    StdPeriphDriver\\CH57x_pwm.c             0x00000000   Number         0  ch57x_pwm.o ABSOLUTE
    StdPeriphDriver\\CH57x_pwr.c             0x00000000   Number         0  ch57x_pwr.o ABSOLUTE
    StdPeriphDriver\\CH57x_spi0.c            0x00000000   Number         0  ch57x_spi0.o ABSOLUTE
    StdPeriphDriver\\CH57x_spi1.c            0x00000000   Number         0  ch57x_spi1.o ABSOLUTE
    StdPeriphDriver\\CH57x_sys.c             0x00000000   Number         0  ch57x_sys.o ABSOLUTE
    StdPeriphDriver\\CH57x_timer0.c          0x00000000   Number         0  ch57x_timer0.o ABSOLUTE
    StdPeriphDriver\\CH57x_timer1.c          0x00000000   Number         0  ch57x_timer1.o ABSOLUTE
    StdPeriphDriver\\CH57x_timer2.c          0x00000000   Number         0  ch57x_timer2.o ABSOLUTE
    StdPeriphDriver\\CH57x_timer3.c          0x00000000   Number         0  ch57x_timer3.o ABSOLUTE
    StdPeriphDriver\\CH57x_uart0.c           0x00000000   Number         0  ch57x_uart0.o ABSOLUTE
    StdPeriphDriver\\CH57x_uart1.c           0x00000000   Number         0  ch57x_uart1.o ABSOLUTE
    StdPeriphDriver\\CH57x_uart2.c           0x00000000   Number         0  ch57x_uart2.o ABSOLUTE
    StdPeriphDriver\\CH57x_uart3.c           0x00000000   Number         0  ch57x_uart3.o ABSOLUTE
    StdPeriphDriver\\CH57x_usbdev.c          0x00000000   Number         0  ch57x_usbdev.o ABSOLUTE
    USER\main.c                              0x00000000   Number         0  main.o ABSOLUTE
    dc.s                                     0x00000000   Number         0  dc.o ABSOLUTE
    init.s                                   0x00000000   Number         0  init.o ABSOLUTE
    .ARM.Collect$$$$00000000                 0x00000090   Section        0  entry.o(.ARM.Collect$$$$00000000)
    .ARM.Collect$$$$00000001                 0x00000090   Section        4  entry2.o(.ARM.Collect$$$$00000001)
    .ARM.Collect$$$$00000004                 0x00000094   Section        4  entry5.o(.ARM.Collect$$$$00000004)
    .ARM.Collect$$$$00000008                 0x00000098   Section        0  entry7b.o(.ARM.Collect$$$$00000008)
    .ARM.Collect$$$$0000000A                 0x00000098   Section        0  entry8b.o(.ARM.Collect$$$$0000000A)
    .ARM.Collect$$$$0000000B                 0x00000098   Section        8  entry9a.o(.ARM.Collect$$$$0000000B)
    .ARM.Collect$$$$0000000D                 0x000000a0   Section        0  entry10a.o(.ARM.Collect$$$$0000000D)
    .ARM.Collect$$$$0000000F                 0x000000a0   Section        0  entry11a.o(.ARM.Collect$$$$0000000F)
    .ARM.Collect$$$$00002712                 0x000000a0   Section        4  entry2.o(.ARM.Collect$$$$00002712)
    __lit__00000000                          0x000000a0   Data           4  entry2.o(.ARM.Collect$$$$00002712)
    .text                                    0x000000a4   Section       28  startup_armcm0.o(.text)
    .text                                    0x000000c0   Section       36  init.o(.text)
    i.NMI_Handler                            0x000000e4   Section        0  ch57x_int.o(i.NMI_Handler)
    i.PowerMonitor                           0x0000017c   Section        0  ch57x_pwr.o(i.PowerMonitor)
    i.SystemInit                             0x000001dc   Section        0  ch57x_clk.o(i.SystemInit)
    i.mDelayuS                               0x00000208   Section        0  ch57x_sys.o(i.mDelayuS)
    i.main                                   0x0000022a   Section        0  main.o(i.main)

    Global Symbols

    Symbol Name                              Value     Ov Type        Size  Object(Section)

    BuildAttributes$$THM_ISAv3M$S$PE$A:L22$X:L11$S22$IEEE1$IW$USESV6$~STKCKD$USESV7$~SHL$OSPACE$EBA8$MICROLIB$REQ8$PRES8$EABIv2 0x00000000   Number         0  anon$$obj.o ABSOLUTE
    __ARM_use_no_argv                        0x00000000   Number         0  main.o ABSOLUTE
    __Vectors                                0x00000000   Data           4  startup_armcm0.o(RESET)
    __cpp_initialize__aeabi_                  - Undefined Weak Reference
    __cxa_finalize                            - Undefined Weak Reference
    __decompress                              - Undefined Weak Reference
    _clock_init                               - Undefined Weak Reference
    _microlib_exit                            - Undefined Weak Reference
    __Vectors_End                            0x00000090   Data           0  startup_armcm0.o(RESET)
    __Vectors_Size                           0x00000090   Number         0  startup_armcm0.o ABSOLUTE
    __main                                   0x00000091   Thumb Code     0  entry.o(.ARM.Collect$$$$00000000)
    _main_stk                                0x00000091   Thumb Code     0  entry2.o(.ARM.Collect$$$$00000001)
    _main_scatterload                        0x00000095   Thumb Code     0  entry5.o(.ARM.Collect$$$$00000004)
    __main_after_scatterload                 0x00000099   Thumb Code     0  entry5.o(.ARM.Collect$$$$00000004)
    _main_clock                              0x00000099   Thumb Code     0  entry7b.o(.ARM.Collect$$$$00000008)
    _main_cpp_init                           0x00000099   Thumb Code     0  entry8b.o(.ARM.Collect$$$$0000000A)
    _main_init                               0x00000099   Thumb Code     0  entry9a.o(.ARM.Collect$$$$0000000B)
    __rt_final_cpp                           0x000000a1   Thumb Code     0  entry10a.o(.ARM.Collect$$$$0000000D)
    __rt_final_exit                          0x000000a1   Thumb Code     0  entry11a.o(.ARM.Collect$$$$0000000F)
    Reset_Handler                            0x000000a5   Thumb Code     8  startup_armcm0.o(.text)
    HardFault_Handler                        0x000000af   Thumb Code     0  startup_armcm0.o(.text)
    SVC_Handler                              0x000000af   Thumb Code     2  startup_armcm0.o(.text)
    PendSV_Handler                           0x000000b1   Thumb Code     2  startup_armcm0.o(.text)
    SysTick_Handler                          0x000000b3   Thumb Code     2  startup_armcm0.o(.text)
    ADC_IRQHandler                           0x000000b5   Thumb Code     0  startup_armcm0.o(.text)
    BB_IRQHandler                            0x000000b5   Thumb Code     0  startup_armcm0.o(.text)
    ETH_IRQHandler                           0x000000b5   Thumb Code     0  startup_armcm0.o(.text)
    GPIO_IRQHandler                          0x000000b5   Thumb Code     0  startup_armcm0.o(.text)
    LED_IRQHandler                           0x000000b5   Thumb Code     0  startup_armcm0.o(.text)
    LLE_IRQHandler                           0x000000b5   Thumb Code     0  startup_armcm0.o(.text)
    RTC_IRQHandler                           0x000000b5   Thumb Code     0  startup_armcm0.o(.text)
    SLAVE_IRQHandler                         0x000000b5   Thumb Code     0  startup_armcm0.o(.text)
    SPI0_IRQHandler                          0x000000b5   Thumb Code     0  startup_armcm0.o(.text)
    SPI1_IRQHandler                          0x000000b5   Thumb Code     0  startup_armcm0.o(.text)
    TMR0_IRQHandler                          0x000000b5   Thumb Code     0  startup_armcm0.o(.text)
    TMR1_IRQHandler                          0x000000b5   Thumb Code     0  startup_armcm0.o(.text)
    TMR2_IRQHandler                          0x000000b5   Thumb Code     0  startup_armcm0.o(.text)
    TMR3_IRQHandler                          0x000000b5   Thumb Code     0  startup_armcm0.o(.text)
    UART0_IRQHandler                         0x000000b5   Thumb Code     0  startup_armcm0.o(.text)
    UART1_IRQHandler                         0x000000b5   Thumb Code     0  startup_armcm0.o(.text)
    UART2_IRQHandler                         0x000000b5   Thumb Code     0  startup_armcm0.o(.text)
    UART3_IRQHandler                         0x000000b5   Thumb Code     0  startup_armcm0.o(.text)
    USB_IRQHandler                           0x000000b5   Thumb Code     0  startup_armcm0.o(.text)
    WDT_IRQHandler                           0x000000b5   Thumb Code     0  startup_armcm0.o(.text)
    __scatterload                            0x000000c1   Thumb Code    28  init.o(.text)
    __scatterload_rt2                        0x000000c1   Thumb Code     0  init.o(.text)
    NMI_Handler                              0x000000e5   Thumb Code   146  ch57x_int.o(i.NMI_Handler)
    PowerMonitor                             0x0000017d   Thumb Code    90  ch57x_pwr.o(i.PowerMonitor)
    SystemInit                               0x000001dd   Thumb Code    40  ch57x_clk.o(i.SystemInit)
    mDelayuS                                 0x00000209   Thumb Code    34  ch57x_sys.o(i.mDelayuS)
    main                                     0x0000022b   Thumb Code     4  main.o(i.main)
    Region$$Table$$Base                      0x00000230   Number         0  anon$$obj.o(Region$$Table)
    Region$$Table$$Limit                     0x00000230   Number         0  anon$$obj.o(Region$$Table)
    __initial_sp                             0x20008000   Number         0  startup_armcm0.o ABSOLUTE



==============================================================================

Memory Map of the image

  Image Entry point : 0x00000091

  Load Region LR_IROM1 (Base: 0x00000000, Size: 0x00000230, Max: 0x0003e800, ABSOLUTE)

    Execution Region ER_IROM1 (Exec base: 0x00000000, Load base: 0x00000000, Size: 0x00000230, Max: 0x0003e800, ABSOLUTE)

    Exec Addr    Load Addr    Size         Type   Attr      Idx    E Section Name        Object

    0x00000000   0x00000000   0x00000090   Data   RO            3    RESET               startup_armcm0.o
    0x00000090   0x00000090   0x00000000   Code   RO         1301  * .ARM.Collect$$$$00000000  mc_p.l(entry.o)
    0x00000090   0x00000090   0x00000004   Code   RO         1308    .ARM.Collect$$$$00000001  mc_p.l(entry2.o)
    0x00000094   0x00000094   0x00000004   Code   RO         1311    .ARM.Collect$$$$00000004  mc_p.l(entry5.o)
    0x00000098   0x00000098   0x00000000   Code   RO         1313    .ARM.Collect$$$$00000008  mc_p.l(entry7b.o)
    0x00000098   0x00000098   0x00000000   Code   RO         1315    .ARM.Collect$$$$0000000A  mc_p.l(entry8b.o)
    0x00000098   0x00000098   0x00000008   Code   RO         1316    .ARM.Collect$$$$0000000B  mc_p.l(entry9a.o)
    0x000000a0   0x000000a0   0x00000000   Code   RO         1318    .ARM.Collect$$$$0000000D  mc_p.l(entry10a.o)
    0x000000a0   0x000000a0   0x00000000   Code   RO         1320    .ARM.Collect$$$$0000000F  mc_p.l(entry11a.o)
    0x000000a0   0x000000a0   0x00000004   Code   RO         1309    .ARM.Collect$$$$00002712  mc_p.l(entry2.o)
    0x000000a4   0x000000a4   0x0000001c   Code   RO            4    .text               startup_armcm0.o
    0x000000c0   0x000000c0   0x00000024   Code   RO         1322    .text               mc_p.l(init.o)
    0x000000e4   0x000000e4   0x00000098   Code   RO          396    i.NMI_Handler       ch57x_int.o
    0x0000017c   0x0000017c   0x00000060   Code   RO          506    i.PowerMonitor      ch57x_pwr.o
    0x000001dc   0x000001dc   0x0000002c   Code   RO          171    i.SystemInit        ch57x_clk.o
    0x00000208   0x00000208   0x00000022   Code   RO          744    i.mDelayuS          ch57x_sys.o
    0x0000022a   0x0000022a   0x00000004   Code   RO         1290    i.main              main.o
    0x0000022e   0x0000022e   0x00000002   PAD
    0x00000230   0x00000230   0x00000000   Data   RO         1324    Region$$Table       anon$$obj.o


    Execution Region RW_IRAM1 (Exec base: 0x20000000, Load base: 0x00000230, Size: 0x00000000, Max: 0x00008000, ABSOLUTE)

    **** No section assigned to this execution region ****


==============================================================================

Image component sizes


      Code (inc. data)   RO Data    RW Data    ZI Data      Debug   Object Name

         0          0          0          0          0      43092   ch57x_adc.o
        44          4          0          0          0        449   ch57x_clk.o
       152          6          0          0          0        510   ch57x_int.o
        96          6          0          0          0        539   ch57x_pwr.o
        34          0          0          0          0        511   ch57x_sys.o
         4          0          0          0          0        387   main.o
        28         10        144          0          0        568   startup_armcm0.o

    ----------------------------------------------------------------------
       360         26        144          0          0      46056   Object Totals
         0          0          0          0          0          0   (incl. Generated)
         2          0          0          0          0          0   (incl. Padding)

    ----------------------------------------------------------------------

      Code (inc. data)   RO Data    RW Data    ZI Data      Debug   Library Member Name

         0          0          0          0          0          0   entry.o
         0          0          0          0          0          0   entry10a.o
         0          0          0          0          0          0   entry11a.o
         8          4          0          0          0          0   entry2.o
         4          0          0          0          0          0   entry5.o
         0          0          0          0          0          0   entry7b.o
         0          0          0          0          0          0   entry8b.o
         8          4          0          0          0          0   entry9a.o
        36          8          0          0          0         68   init.o

    ----------------------------------------------------------------------
        56         16          0          0          0         68   Library Totals
         0          0          0          0          0          0   (incl. Padding)

    ----------------------------------------------------------------------

      Code (inc. data)   RO Data    RW Data    ZI Data      Debug   Library Name

        56         16          0          0          0         68   mc_p.l

    ----------------------------------------------------------------------
        56         16          0          0          0         68   Library Totals

    ----------------------------------------------------------------------

==============================================================================


      Code (inc. data)   RO Data    RW Data    ZI Data      Debug   

       416         42        144          0          0      45984   Grand Totals
       416         42        144          0          0      45984   ELF Image Totals
       416         42        144          0          0          0   ROM Totals

==============================================================================

    Total RO  Size (Code + RO Data)                  560 (   0.55kB)
    Total RW  Size (RW Data + ZI Data)                 0 (   0.00kB)
    Total ROM Size (Code + RO Data + RW Data)        560 (   0.55kB)

==============================================================================

